
> @guildpass/dashboard@0.1.0 test /home/ibrahim/Downloads/guildpass-app-main/guildpass-app-main/apps/dashboard
> tsx --test test/**/*.test.ts

TAP version 13
# node:internal/process/esm_loader:40
#       internalBinding('errors').triggerUncaughtException(
#                                 ^
# Error [ERR_MODULE_NOT_FOUND]: Cannot find package '@/lib' imported from /home/ibrahim/Downloads/guildpass-app-main/guildpass-app-main/apps/dashboard/lib/repositories/adapters/mock.ts
#     at new NodeError (node:internal/errors:405:5)
#     at packageResolve (node:internal/modules/esm/resolve:916:9)
#     at moduleResolve (node:internal/modules/esm/resolve:973:20)
#     at defaultResolve (node:internal/modules/esm/resolve:1193:11)
#     at nextResolve (node:internal/modules/esm/hooks:864:28)
#     at resolveBase (file:///home/ibrahim/Downloads/guildpass-app-main/guildpass-app-main/node_modules/.pnpm/tsx@4.23.1/node_modules/tsx/dist/register-zZ7SWseA.mjs:2:8498)
#     at resolveDirectory (file:///home/ibrahim/Downloads/guildpass-app-main/guildpass-app-main/node_modules/.pnpm/tsx@4.23.1/node_modules/tsx/dist/register-zZ7SWseA.mjs:2:9584)
#     at resolveTsPaths (file:///home/ibrahim/Downloads/guildpass-app-main/guildpass-app-main/node_modules/.pnpm/tsx@4.23.1/node_modules/tsx/dist/register-zZ7SWseA.mjs:2:11114)
#     at resolve (file:///home/ibrahim/Downloads/guildpass-app-main/guildpass-app-main/node_modules/.pnpm/tsx@4.23.1/node_modules/tsx/dist/register-zZ7SWseA.mjs:2:12294)
#     at nextResolve (node:internal/modules/esm/hooks:864:28) {
#   code: 'ERR_MODULE_NOT_FOUND'
# }
# Node.js v18.19.1
# Subtest: /home/ibrahim/Downloads/guildpass-app-main/guildpass-app-main/apps/dashboard/test/repositories/mock-contract.test.ts
not ok 1 - /home/ibrahim/Downloads/guildpass-app-main/guildpass-app-main/apps/dashboard/test/repositories/mock-contract.test.ts
  ---
  duration_ms: 1490.929363
  location: '/home/ibrahim/Downloads/guildpass-app-main/guildpass-app-main/apps/dashboard/test/repositories/mock-contract.test.ts:1:1'
  failureType: 'testCodeFailure'
  exitCode: 1
  error: 'test failed'
  code: 'ERR_TEST_FAILURE'
  ...
1..1
# tests 1
# suites 0
# pass 0
# fail 1
# cancelled 0
# skipped 0
# todo 0
# duration_ms 1543.067719
/home/ibrahim/Downloads/guildpass-app-main/guildpass-app-main/apps/dashboard:
 ERR_PNPM_RECURSIVE_RUN_FIRST_FAIL  @guildpass/dashboard@0.1.0 test: `tsx --test test/**/*.test.ts`
Exit status 1
